// Jest Snapshot v1, https://goo.gl/fbAQLP

exports[`simple.ts 1`] = `
type X = [number, string?];
~~~~~~~~~~~~~~~~~~~~~~~~~~~~~~~~~~~~~~~~~~~~~~~~~~~~~~~~~~~~~~~~~~~~~~~~~~~~~~~~
type X = [number, string?];

`;
