// Jest Snapshot v1, https://goo.gl/fbAQLP

exports[`simple.ts 1`] = `
type X = [...number[]];
~~~~~~~~~~~~~~~~~~~~~~~~~~~~~~~~~~~~~~~~~~~~~~~~~~~~~~~~~~~~~~~~~~~~~~~~~~~~~~~~
type X = [...number[]];

`;
